// Jest Snapshot v1, https://goo.gl/fbAQLP

exports[`Draftail #initEditor options 1`] = `
Object {
  "autoCapitalize": null,
  "autoComplete": null,
  "autoCorrect": null,
  "blockTypes": Array [],
  "decorators": Array [],
  "enableHorizontalRule": Object {
    "description": "Horizontal line",
  },
  "enableLineBreak": Object {
    "description": "Line break",
  },
  "entityTypes": Array [
    Object {
      "block": [Function],
      "source": [Function],
      "type": "IMAGE",
    },
  ],
  "inlineStyles": Array [],
  "maxListNesting": 4,
  "onSave": [Function],
  "placeholder": "Write hereâ€¦",
  "rawContentState": null,
  "showRedoControl": Object {
    "description": "Redo",
  },
  "showUndoControl": Object {
    "description": "Undo",
  },
  "spellCheck": true,
  "stateSaveInterval": 250,
  "stripPastedStyles": false,
  "textAlignment": null,
  "textDirectionality": null,
}
`;

exports[`Draftail #wrapWagtailIcon works 1`] = `
<Icon
  className={null}
  name="media"
  title={null}
/>
`;
