exports[`LoadingSpinner basic 1`] = `
<div
  className="c-explorer__loading">
  <Icon
    className="c-explorer__spinner"
    name="spinner"
    title={null} />

  Loading...
</div>
`;
